/Users/jam3/Projects/liquid_neural/.venv/lib/python3.14/site-packages/torch/nn/modules/transformer.py:429: UserWarning: Support for mismatched src_key_padding_mask and mask is deprecated. Use same type for both instead.
  src_key_padding_mask = F._canonical_mask(
idn_visible_seed0: auc=0.8721 (recorded 0.8721, drift +0.00000) (13s)
idn_visible_seed1: auc=0.8248 (recorded 0.8248, drift +0.00000) (26s)
idn_visible_seed2: auc=0.8581 (recorded 0.8581, drift +0.00000) (39s)
idn_visible_seed3: auc=0.8492 (recorded 0.8492, drift +0.00000) (52s)
idn_visible_seed4: auc=0.8645 (recorded 0.8645, drift +0.00000) (65s)
idn_visible_seed5: auc=0.8242 (recorded 0.8242, drift +0.00000) (78s)
idn_visible_seed6: auc=0.8292 (recorded 0.8292, drift +0.00000) (91s)
idn_visible_seed7: auc=0.8472 (recorded 0.8472, drift +0.00000) (104s)
idn_visible_seed8: auc=0.8582 (recorded 0.8582, drift +0.00000) (117s)
idn_visible_seed9: auc=0.8550 (recorded 0.8550, drift +0.00000) (130s)
idn_hidden_seed0: auc=0.8645 (recorded 0.8645, drift +0.00000) (143s)
idn_hidden_seed1: auc=0.8264 (recorded 0.8264, drift +0.00000) (156s)
idn_hidden_seed2: auc=0.8499 (recorded 0.8499, drift +0.00000) (169s)
idn_hidden_seed3: auc=0.8359 (recorded 0.8359, drift +0.00000) (182s)
idn_hidden_seed4: auc=0.8671 (recorded 0.8671, drift +0.00000) (195s)
idn_hidden_seed5: auc=0.8220 (recorded 0.8220, drift +0.00000) (208s)
idn_hidden_seed6: auc=0.8375 (recorded 0.8375, drift +0.00000) (221s)
idn_hidden_seed7: auc=0.8341 (recorded 0.8341, drift +0.00000) (234s)
idn_hidden_seed8: auc=0.8662 (recorded 0.8662, drift +0.00000) (247s)
idn_hidden_seed9: auc=0.8494 (recorded 0.8494, drift +0.00000) (260s)
tf-native-aux_visible_seed0: auc=0.8849 (recorded 0.8849, drift +0.00000) (266s)
tf-native-aux_visible_seed1: auc=0.8331 (recorded 0.8331, drift +0.00000) (274s)
tf-native-aux_visible_seed2: auc=0.8649 (recorded 0.8649, drift +0.00000) (281s)
tf-native-aux_visible_seed3: auc=0.8656 (recorded 0.8656, drift +0.00000) (288s)
tf-native-aux_visible_seed4: auc=0.8648 (recorded 0.8648, drift +0.00000) (295s)
tf-native-aux_visible_seed5: auc=0.8226 (recorded 0.8226, drift +0.00000) (302s)
tf-native-aux_visible_seed6: auc=0.8398 (recorded 0.8398, drift +0.00000) (309s)
tf-native-aux_visible_seed7: auc=0.8578 (recorded 0.8578, drift +0.00000) (316s)
tf-native-aux_visible_seed8: auc=0.8674 (recorded 0.8674, drift +0.00000) (323s)
tf-native-aux_visible_seed9: auc=0.8506 (recorded 0.8506, drift +0.00000) (330s)
tf-native-aux_hidden_seed0: auc=0.8678 (recorded 0.8678, drift +0.00000) (337s)
tf-native-aux_hidden_seed1: auc=0.8319 (recorded 0.8319, drift +0.00000) (344s)
tf-native-aux_hidden_seed2: auc=0.8605 (recorded 0.8605, drift +0.00000) (351s)
tf-native-aux_hidden_seed3: auc=0.8456 (recorded 0.8456, drift +0.00000) (358s)
tf-native-aux_hidden_seed4: auc=0.8635 (recorded 0.8635, drift +0.00000) (364s)
tf-native-aux_hidden_seed5: auc=0.8238 (recorded 0.8238, drift +0.00000) (371s)
tf-native-aux_hidden_seed6: auc=0.8403 (recorded 0.8403, drift +0.00000) (378s)
tf-native-aux_hidden_seed7: auc=0.8474 (recorded 0.8474, drift +0.00000) (385s)
tf-native-aux_hidden_seed8: auc=0.8609 (recorded 0.8609, drift +0.00000) (391s)
tf-native-aux_hidden_seed9: auc=0.8503 (recorded 0.8503, drift +0.00000) (398s)

archive complete at /Users/jam3/Projects/liquid_neural/experiments/archive/stage1-killed (398s)
