selected lr=0.003 for tf-native-aux/visible (9s)
selected lr=0.003 for tf-native/visible (16s)
selected lr=0.003 for lstm-feature/visible (20s)
selected lr=0.003 for cfc-native/visible (29s)
selected xgb config {'n_estimators': 200, 'max_depth': 3, 'learning_rate': 0.05, 'inner_val_auc': 0.8935983104483288} for visible (43s)
selected lr=0.001 for tf-native-aux/hidden (52s)
selected lr=0.001 for tf-native/hidden (59s)
selected lr=0.003 for lstm-feature/hidden (63s)
selected lr=0.003 for cfc-native/hidden (72s)
selected xgb config {'n_estimators': 400, 'max_depth': 3, 'learning_rate': 0.05, 'inner_val_auc': 0.888498417743009} for hidden (86s)
seed=0 tf-native-aux/visible auc=0.885 (93s)
seed=0 tf-native/visible auc=0.884 (99s)
seed=0 lstm-feature/visible auc=0.882 (102s)
seed=0 cfc-native/visible auc=0.855 (109s)
seed=0 xgb/visible auc=0.888 (111s)
seed=0 tf-native-aux/hidden auc=0.868 (118s)
seed=0 tf-native/hidden auc=0.868 (124s)
seed=0 lstm-feature/hidden auc=0.880 (127s)
seed=0 cfc-native/hidden auc=0.836 (134s)
seed=0 xgb/hidden auc=0.886 (137s)
seed=1 tf-native-aux/visible auc=0.833 (144s)
seed=1 tf-native/visible auc=0.834 (151s)
seed=1 lstm-feature/visible auc=0.824 (154s)
seed=1 cfc-native/visible auc=0.738 (161s)
seed=1 xgb/visible auc=0.837 (164s)
seed=1 tf-native-aux/hidden auc=0.832 (171s)
seed=1 tf-native/hidden auc=0.833 (177s)
seed=1 lstm-feature/hidden auc=0.835 (180s)
seed=1 cfc-native/hidden auc=0.785 (187s)
seed=1 xgb/hidden auc=0.822 (190s)
seed=2 tf-native-aux/visible auc=0.865 (197s)
seed=2 tf-native/visible auc=0.867 (203s)
seed=2 lstm-feature/visible auc=0.848 (206s)
seed=2 cfc-native/visible auc=0.783 (213s)
seed=2 xgb/visible auc=0.856 (215s)
seed=2 tf-native-aux/hidden auc=0.860 (222s)
seed=2 tf-native/hidden auc=0.857 (229s)
seed=2 lstm-feature/hidden auc=0.841 (232s)
seed=2 cfc-native/hidden auc=0.787 (239s)
seed=2 xgb/hidden auc=0.850 (242s)
seed=3 tf-native-aux/visible auc=0.866 (249s)
seed=3 tf-native/visible auc=0.858 (256s)
seed=3 lstm-feature/visible auc=0.844 (259s)
seed=3 cfc-native/visible auc=0.777 (266s)
seed=3 xgb/visible auc=0.840 (268s)
seed=3 tf-native-aux/hidden auc=0.846 (275s)
seed=3 tf-native/hidden auc=0.844 (281s)
seed=3 lstm-feature/hidden auc=0.835 (284s)
seed=3 cfc-native/hidden auc=0.773 (292s)
seed=3 xgb/hidden auc=0.842 (294s)
seed=4 tf-native-aux/visible auc=0.865 (301s)
seed=4 tf-native/visible auc=0.867 (307s)
seed=4 lstm-feature/visible auc=0.860 (310s)
seed=4 cfc-native/visible auc=0.797 (317s)
seed=4 xgb/visible auc=0.874 (319s)
seed=4 tf-native-aux/hidden auc=0.863 (326s)
seed=4 tf-native/hidden auc=0.864 (333s)
seed=4 lstm-feature/hidden auc=0.851 (336s)
seed=4 cfc-native/hidden auc=0.789 (343s)
seed=4 xgb/hidden auc=0.867 (345s)
seed=5 tf-native-aux/visible auc=0.823 (352s)
seed=5 tf-native/visible auc=0.822 (359s)
seed=5 lstm-feature/visible auc=0.832 (362s)
seed=5 cfc-native/visible auc=0.691 (369s)
seed=5 xgb/visible auc=0.839 (371s)
seed=5 tf-native-aux/hidden auc=0.824 (378s)
seed=5 tf-native/hidden auc=0.829 (384s)
seed=5 lstm-feature/hidden auc=0.838 (387s)
seed=5 cfc-native/hidden auc=0.782 (394s)
seed=5 xgb/hidden auc=0.836 (397s)
seed=6 tf-native-aux/visible auc=0.840 (404s)
seed=6 tf-native/visible auc=0.847 (411s)
seed=6 lstm-feature/visible auc=0.846 (414s)
seed=6 cfc-native/visible auc=0.797 (420s)
seed=6 xgb/visible auc=0.837 (422s)
seed=6 tf-native-aux/hidden auc=0.840 (429s)
seed=6 tf-native/hidden auc=0.841 (435s)
seed=6 lstm-feature/hidden auc=0.849 (438s)
seed=6 cfc-native/hidden auc=0.790 (445s)
seed=6 xgb/hidden auc=0.843 (448s)
seed=7 tf-native-aux/visible auc=0.858 (455s)
seed=7 tf-native/visible auc=0.855 (461s)
seed=7 lstm-feature/visible auc=0.848 (464s)
seed=7 cfc-native/visible auc=0.779 (471s)
seed=7 xgb/visible auc=0.852 (473s)
seed=7 tf-native-aux/hidden auc=0.847 (480s)
seed=7 tf-native/hidden auc=0.847 (486s)
seed=7 lstm-feature/hidden auc=0.855 (489s)
seed=7 cfc-native/hidden auc=0.779 (496s)
seed=7 xgb/hidden auc=0.852 (499s)
seed=8 tf-native-aux/visible auc=0.867 (506s)
seed=8 tf-native/visible auc=0.872 (512s)
seed=8 lstm-feature/visible auc=0.857 (515s)
seed=8 cfc-native/visible auc=0.810 (522s)
seed=8 xgb/visible auc=0.868 (524s)
seed=8 tf-native-aux/hidden auc=0.861 (531s)
seed=8 tf-native/hidden auc=0.863 (537s)
seed=8 lstm-feature/hidden auc=0.861 (540s)
seed=8 cfc-native/hidden auc=0.810 (547s)
seed=8 xgb/hidden auc=0.875 (550s)
seed=9 tf-native-aux/visible auc=0.851 (557s)
seed=9 tf-native/visible auc=0.853 (563s)
seed=9 lstm-feature/visible auc=0.853 (566s)
seed=9 cfc-native/visible auc=0.813 (572s)
seed=9 xgb/visible auc=0.852 (575s)
seed=9 tf-native-aux/hidden auc=0.850 (581s)
seed=9 tf-native/hidden auc=0.852 (588s)
seed=9 lstm-feature/hidden auc=0.856 (590s)
seed=9 cfc-native/hidden auc=0.771 (597s)
seed=9 xgb/hidden auc=0.860 (600s)

wrote /Users/jam3/Projects/liquid_neural/experiments/results/stage1_baselines.json (600s)

=== Stage-1 baselines (mean ± std over 10 seeds) ===
tf-native-aux/visible  auc=0.855±0.018 dur_mae=289±43d
tf-native/visible      auc=0.856±0.017 dur_mae=292±44d
lstm-feature/visible   auc=0.849±0.015 dur_mae=291±43d
cfc-native/visible     auc=0.784±0.042 dur_mae=313±50d
xgb/visible            auc=0.854±0.017 dur_mae=296±47d
tf-native-aux/hidden   auc=0.849±0.014 dur_mae=304±50d
tf-native/hidden       auc=0.850±0.013 dur_mae=305±49d
lstm-feature/hidden    auc=0.850±0.013 dur_mae=305±50d
cfc-native/hidden      auc=0.790±0.018 dur_mae=318±55d
xgb/hidden             auc=0.853±0.018 dur_mae=316±54d
